[Parameter]
0=boost_and_two_level__1_sm_ehs/SM_eHS/Circuit_Input/Three-phase Sine Wave|Phase|Inv_PWM_Phases|RVector|0|1|3|0.0|-2.0943951023931953|2.0943951023931953|Sin|60:5495|
1=boost_and_two_level__1_sm_ehs/SM_eHS/3ph_Sinewave_Angle_Generator/3ph Angle Generator/Adder_Gain|Gain|2*pi*Ts|Scalar|0|1|1|2.0E-5|Gain|60:5470|
10=boost_and_two_level__1_sm_ehs/SM_eHS/eHS1/eHSDrivers/OpInput_boost_I/In1|Value|0|Scalar|0|1|1|0.0|Constant|60:5531:173:368:145|
11=boost_and_two_level__1_sm_ehs/SM_eHS/eHS1/eHSDrivers/OpInput_boost_V/In1|Value|0|Scalar|0|1|1|0.0|Constant|60:5531:173:370:145|
12=boost_and_two_level__1_sm_ehs/SM_eHS/rtlab_send_subsystem/Subsystem1/Send1/S-Function|P1Size| |RVector|0|1|2|1.0|1.0|S-Function OP_SEND|60:5687:31|
13=boost_and_two_level__1_sm_ehs/SM_eHS/rtlab_send_subsystem/Subsystem1/Send1/S-Function|P1|Acqu_group|Scalar|0|1|1|1.0|S-Function OP_SEND|60:5687:31|
14=boost_and_two_level__1_sm_ehs/SM_eHS/OpComm/Receive/S-Function|P1Size| |RVector|0|1|2|1.0|1.0|S-Function RECV_Param|60:5614:21|
15=boost_and_two_level__1_sm_ehs/SM_eHS/OpComm/Receive/S-Function|P1|Data_width|Scalar|0|1|1|9.0|S-Function RECV_Param|60:5614:21|
16=boost_and_two_level__1_sm_ehs/SM_eHS/OpComm/Receive/S-Function|P2Size| |RVector|0|1|2|9.0|1.0|S-Function RECV_Param|60:5614:21|
17=boost_and_two_level__1_sm_ehs/SM_eHS/OpComm/Receive/S-Function|P2|InitialConditions|CVector|0|9|1|100.0|25.0|1.0|10000.0|0.7|55000.0|50.0|0.8|0.00349065850398866|S-Function RECV_Param|60:5614:21|
18=boost_and_two_level__1_sm_ehs/SM_eHS/Circuit_Control/Control/Saturation|UpperLimit|0.95|Scalar|0|1|1|0.95|Saturate|60:5306|
19=boost_and_two_level__1_sm_ehs/SM_eHS/Circuit_Control/Control/Saturation|LowerLimit|0.05|Scalar|0|1|1|0.05|Saturate|60:5306|
2=boost_and_two_level__1_sm_ehs/OpCCode_do_not_touch/S-Function1|Value|0|Scalar|0|1|1|0.0|Constant|60:5539:7|
20=boost_and_two_level__1_sm_ehs/SM_eHS/3ph_Sinewave_Angle_Generator/3ph Angle Generator/Constant3|Value|2*pi|Scalar|0|1|1|6.2831853071795862|Constant|60:5472|
21=boost_and_two_level__1_sm_ehs/SM_eHS/3ph_Sinewave_Angle_Generator/3ph Angle Generator/Memory|InitialCondition|0|Scalar|0|1|1|0.0|Memory|60:5473|
22=boost_and_two_level__1_sm_ehs/SM_eHS/3ph_Sinewave_Angle_Generator/3ph Angle Generator/Switch|Threshold|0|Scalar|0|1|1|0.0|Switch|60:5474|
23=boost_and_two_level__1_sm_ehs/SM_eHS/Circuit_Control/Control/Three-phase Sine Wave|Amplitude|1|Scalar|0|1|1|1.0|Sin|60:5456|
24=boost_and_two_level__1_sm_ehs/SM_eHS/Circuit_Control/Control/Three-phase Sine Wave|Bias|0|Scalar|0|1|1|0.0|Sin|60:5456|
25=boost_and_two_level__1_sm_ehs/SM_eHS/Circuit_Control/Control/Three-phase Sine Wave|Frequency|1|Scalar|0|1|1|1.0|Sin|60:5456|
26=boost_and_two_level__1_sm_ehs/SM_eHS/Circuit_Control/Control/Gain|Gain|0.5|Scalar|0|1|1|0.5|Gain|60:5303|
27=boost_and_two_level__1_sm_ehs/SM_eHS/Circuit_Control/Control/Constant|Value|0.5|Scalar|0|1|1|0.5|Constant|60:5302|
28=boost_and_two_level__1_sm_ehs/SM_eHS/Circuit_Input/Three-phase Sine Wave|Amplitude|1|Scalar|0|1|1|1.0|Sin|60:5495|
29=boost_and_two_level__1_sm_ehs/SM_eHS/Circuit_Input/Three-phase Sine Wave|Bias|0|Scalar|0|1|1|0.0|Sin|60:5495|
3=boost_and_two_level__1_sm_ehs/OpCCode_do_not_touch/S-Function|InitialCondition|0|Scalar|0|1|1|0.0|Memory|60:5539:6|
30=boost_and_two_level__1_sm_ehs/SM_eHS/Circuit_Input/Three-phase Sine Wave|Frequency|1|Scalar|0|1|1|1.0|Sin|60:5495|
31=boost_and_two_level__1_sm_ehs/SM_eHS/g1|Value|0|Scalar|0|1|1|0.0|Constant|60:5530|
32=boost_and_two_level__1_sm_ehs/SM_eHS/Acquisition Trigger/Constant|Value|.5|Scalar|0|1|1|0.5|Constant|60:5534|
33=boost_and_two_level__1_sm_ehs/SM_eHS/Acquisition Trigger/Step|Time|0.50362|Scalar|0|1|1|0.50362|Step|60:5536|
34=boost_and_two_level__1_sm_ehs/SM_eHS/Acquisition Trigger/Step|Before|0|Scalar|0|1|1|0.0|Step|60:5536|
35=boost_and_two_level__1_sm_ehs/SM_eHS/Acquisition Trigger/Step|After|1|Scalar|0|1|1|1.0|Step|60:5536|
36=boost_and_two_level__1_sm_ehs/SM_eHS/Acquisition Trigger/OpTrigger|P1Size| |RVector|0|1|2|1.0|1.0|S-Function optrigger|60:5535|
37=boost_and_two_level__1_sm_ehs/SM_eHS/Acquisition Trigger/OpTrigger|P1|Acq_Group|Scalar|0|1|1|1.0|S-Function optrigger|60:5535|
38=boost_and_two_level__1_sm_ehs/SM_eHS/Acquisition Trigger/OpTrigger|P2Size| |RVector|0|1|2|1.0|1.0|S-Function optrigger|60:5535|
39=boost_and_two_level__1_sm_ehs/SM_eHS/Acquisition Trigger/OpTrigger|P2|Trig_Type|Scalar|0|1|1|4.0|S-Function optrigger|60:5535|
4=boost_and_two_level__1_sm_ehs/SM_eHS/eHS1/eHSDrivers/OpInput_2Lvl_Ia/In1|Value|0|Scalar|0|1|1|0.0|Constant|60:5531:173:356:145|
40=boost_and_two_level__1_sm_ehs/SM_eHS/Acquisition Trigger/OpTrigger|P3Size| |RVector|0|1|2|1.0|1.0|S-Function optrigger|60:5535|
41=boost_and_two_level__1_sm_ehs/SM_eHS/Acquisition Trigger/OpTrigger|P3|Trig_Offset|Scalar|0|1|1|0.0|S-Function optrigger|60:5535|
5=boost_and_two_level__1_sm_ehs/SM_eHS/eHS1/eHSDrivers/OpInput_2Lvl_Ib/In1|Value|0|Scalar|0|1|1|0.0|Constant|60:5531:173:358:145|
6=boost_and_two_level__1_sm_ehs/SM_eHS/eHS1/eHSDrivers/OpInput_2Lvl_Ic/In1|Value|0|Scalar|0|1|1|0.0|Constant|60:5531:173:360:145|
7=boost_and_two_level__1_sm_ehs/SM_eHS/eHS1/eHSDrivers/OpInput_2Lvl_Va/In1|Value|0|Scalar|0|1|1|0.0|Constant|60:5531:173:362:145|
8=boost_and_two_level__1_sm_ehs/SM_eHS/eHS1/eHSDrivers/OpInput_2Lvl_Vb/In1|Value|0|Scalar|0|1|1|0.0|Constant|60:5531:173:364:145|
9=boost_and_two_level__1_sm_ehs/SM_eHS/eHS1/eHSDrivers/OpInput_2Lvl_Vc/In1|Value|0|Scalar|0|1|1|0.0|Constant|60:5531:173:366:145|
nbParameters=42
[Signal]
0=boost_and_two_level__1_sm_ehs/OpCCode_do_not_touch/S-Function|NULL|0|1|1|1|S|Memory|0|60:5539:6|
1=boost_and_two_level__1_sm_ehs/OpCCode_do_not_touch/Sum|NULL|1|1|1|1|S|Sum|0|60:5539:9|
10=boost_and_two_level__1_sm_ehs/SM_eHS/OpComm/Receive/S-Function|NULL|10|9|9|1|V|S-Function RECV_Param|0|60:5614:21|
11=boost_and_two_level__1_sm_ehs/SM_eHS/Circuit_Control/Control/Saturation|NULL|11|1|1|1|S|Saturate|0|60:5306|
12=boost_and_two_level__1_sm_ehs/SM_eHS/3ph_Sinewave_Angle_Generator/3ph Angle Generator/Adder_Gain|NULL|12|1|1|1|S|Gain|0|60:5470|
13=boost_and_two_level__1_sm_ehs/SM_eHS/3ph_Sinewave_Angle_Generator/3ph Angle Generator/Memory|NULL|13|1|1|1|S|Memory|0|60:5473|
14=boost_and_two_level__1_sm_ehs/SM_eHS/3ph_Sinewave_Angle_Generator/3ph Angle Generator/Adder|NULL|14|1|1|1|S|Sum|0|60:5469|
15=boost_and_two_level__1_sm_ehs/SM_eHS/3ph_Sinewave_Angle_Generator/3ph Angle Generator/Adder_Pred|NULL|15|1|1|1|S|Sum|0|60:5471|
16=boost_and_two_level__1_sm_ehs/SM_eHS/3ph_Sinewave_Angle_Generator/3ph Angle Generator/Switch|NULL|16|1|1|1|S|Switch|0|60:5474|
17=boost_and_two_level__1_sm_ehs/SM_eHS/Circuit_Control/Sum|NULL|17|1|1|1|S|Sum|0|60:5459|
18=boost_and_two_level__1_sm_ehs/SM_eHS/Circuit_Control/Control/Three-phase Sine Wave|NULL|18|3|3|1|V|Sin|0|60:5456|
19=boost_and_two_level__1_sm_ehs/SM_eHS/Circuit_Control/Control/Product|NULL|19|3|3|1|V|Product|0|60:5305|
2=boost_and_two_level__1_sm_ehs/SM_eHS/eHS1/eHSDrivers/OpInput_2Lvl_Ia/OpInput|NULL|2|1|1|1|S|DataTypeConversion|0|60:5531:173:356:146|
20=boost_and_two_level__1_sm_ehs/SM_eHS/Circuit_Control/Control/Gain|NULL|20|3|3|1|V|Gain|0|60:5303|
21=boost_and_two_level__1_sm_ehs/SM_eHS/Circuit_Control/Control/Sum|NULL|21|3|3|1|V|Sum|0|60:5307|
22=boost_and_two_level__1_sm_ehs/SM_eHS/Digital_Out/Data Type Conversion|NULL|22|3|3|1|V|DataTypeConversion|0|60:5430|
23=synthesized_block|NULL|23|2|2|1|V|synthesized_block|0||
24=synthesized_block|NULL|24|2|2|1|V|synthesized_block|0||
25=synthesized_block|NULL|25|2|2|1|V|synthesized_block|0||
26=boost_and_two_level__1_sm_ehs/SM_eHS/Circuit_Input/Three-phase Sine Wave|NULL|26|3|3|1|V|Sin|0|60:5495|
27=boost_and_two_level__1_sm_ehs/SM_eHS/Circuit_Input/Amplitude_Gain|NULL|27|3|3|1|V|Product|0|60:5366|
28=boost_and_two_level__1_sm_ehs/SM_eHS/Acquisition Trigger/Constant|NULL|28|1|1|1|S|Constant|0|60:5534|
29=boost_and_two_level__1_sm_ehs/SM_eHS/Acquisition Trigger/Step|NULL|29|1|1|1|S|Step|0|60:5536|
3=boost_and_two_level__1_sm_ehs/SM_eHS/eHS1/eHSDrivers/OpInput_2Lvl_Ib/OpInput|NULL|3|1|1|1|S|DataTypeConversion|0|60:5531:173:358:146|
30=boost_and_two_level__1_sm_ehs/SM_eHS/Acquisition Trigger/OpTrigger|NULL|30|1|1|1|S|S-Function optrigger|0|60:5535|
31=boost_and_two_level__1_sm_ehs/SM_eHS/eHS1/eHSDrivers/OpOutput_vsrc3/OpOutput/Data Type Conversion|NULL|31|1|1|1|S|DataTypeConversion|0|60:5531:173:354:234|
32=boost_and_two_level__1_sm_ehs/SM_eHS/eHS1/eHSDrivers/OpOutput_vsrc2/OpOutput/Data Type Conversion|NULL|32|1|1|1|S|DataTypeConversion|0|60:5531:173:353:234|
33=boost_and_two_level__1_sm_ehs/SM_eHS/eHS1/eHSDrivers/OpOutput_vsrc1/OpOutput/Data Type Conversion|NULL|33|1|1|1|S|DataTypeConversion|0|60:5531:173:352:234|
34=boost_and_two_level__1_sm_ehs/SM_eHS/eHS1/eHSDrivers/OpOutput_vin/OpOutput/Data Type Conversion|NULL|34|1|1|1|S|DataTypeConversion|0|60:5531:173:351:234|
35=boost_and_two_level__1_sm_ehs/SM_eHS/eHS1/eHSDrivers/OpOutput_user_reset_cmd/OpOutput/Data Type Conversion|NULL|35|1|1|1|S|DataTypeConversion|0|60:5531:173:348:234|
36=boost_and_two_level__1_sm_ehs/SM_eHS/eHS1/eHSDrivers/OpOutput_parameter_set_id/OpOutput/Data Type Conversion|NULL|36|1|1|1|S|DataTypeConversion|0|60:5531:173:339:234|
37=boost_and_two_level__1_sm_ehs/SM_eHS/eHS1/eHSDrivers/OpOutput_fault_sw/OpOutput/Data Type Conversion|NULL|37|1|1|1|S|DataTypeConversion|0|60:5531:173:350:234|
38=boost_and_two_level__1_sm_ehs/SM_eHS/eHS1/eHSDrivers/OpOutput_boost_V/OpOutput/Data Type Conversion|NULL|38|1|1|1|S|DataTypeConversion|0|60:5531:173:371:234|
39=boost_and_two_level__1_sm_ehs/SM_eHS/eHS1/eHSDrivers/OpOutput_boost_I/OpOutput/Data Type Conversion|NULL|39|1|1|1|S|DataTypeConversion|0|60:5531:173:369:234|
4=boost_and_two_level__1_sm_ehs/SM_eHS/eHS1/eHSDrivers/OpInput_2Lvl_Ic/OpInput|NULL|4|1|1|1|S|DataTypeConversion|0|60:5531:173:360:146|
40=boost_and_two_level__1_sm_ehs/SM_eHS/eHS1/eHSDrivers/OpOutput_arm1_g1/OpOutput/Data Type Conversion|NULL|40|1|1|1|S|DataTypeConversion|0|60:5531:173:349:234|
41=boost_and_two_level__1_sm_ehs/SM_eHS/eHS1/eHSDrivers/OpOutput_2Lvl_Vc/OpOutput/Data Type Conversion|NULL|41|1|1|1|S|DataTypeConversion|0|60:5531:173:367:234|
42=boost_and_two_level__1_sm_ehs/SM_eHS/eHS1/eHSDrivers/OpOutput_2Lvl_Vb/OpOutput/Data Type Conversion|NULL|42|1|1|1|S|DataTypeConversion|0|60:5531:173:365:234|
43=boost_and_two_level__1_sm_ehs/SM_eHS/eHS1/eHSDrivers/OpOutput_2Lvl_Va/OpOutput/Data Type Conversion|NULL|43|1|1|1|S|DataTypeConversion|0|60:5531:173:363:234|
44=boost_and_two_level__1_sm_ehs/SM_eHS/eHS1/eHSDrivers/OpOutput_2Lvl_Ic/OpOutput/Data Type Conversion|NULL|44|1|1|1|S|DataTypeConversion|0|60:5531:173:361:234|
45=boost_and_two_level__1_sm_ehs/SM_eHS/eHS1/eHSDrivers/OpOutput_2Lvl_Ib/OpOutput/Data Type Conversion|NULL|45|1|1|1|S|DataTypeConversion|0|60:5531:173:359:234|
46=boost_and_two_level__1_sm_ehs/SM_eHS/eHS1/eHSDrivers/OpOutput_2Lvl_Ia/OpOutput/Data Type Conversion|NULL|46|1|1|1|S|DataTypeConversion|0|60:5531:173:357:234|
47=boost_and_two_level__1_sm_ehs/SM_eHS/Digital_Out/PWMOut_Ch03/OpOutput/Data Type Conversion|NULL|47|2|2|1|V|DataTypeConversion|0|60:5386:234|
48=boost_and_two_level__1_sm_ehs/SM_eHS/Digital_Out/PWMOut_Ch02/OpOutput/Data Type Conversion|NULL|48|2|2|1|V|DataTypeConversion|0|60:5385:234|
49=boost_and_two_level__1_sm_ehs/SM_eHS/Digital_Out/PWMOut_Ch01/OpOutput/Data Type Conversion|NULL|49|2|2|1|V|DataTypeConversion|0|60:5384:234|
5=boost_and_two_level__1_sm_ehs/SM_eHS/eHS1/eHSDrivers/OpInput_2Lvl_Va/OpInput|NULL|5|1|1|1|S|DataTypeConversion|0|60:5531:173:362:146|
50=boost_and_two_level__1_sm_ehs/SM_eHS/Digital_Out/PWMOut_Ch00/OpOutput/Data Type Conversion|NULL|50|2|2|1|V|DataTypeConversion|0|60:5383:234|
6=boost_and_two_level__1_sm_ehs/SM_eHS/eHS1/eHSDrivers/OpInput_2Lvl_Vb/OpInput|NULL|6|1|1|1|S|DataTypeConversion|0|60:5531:173:364:146|
7=boost_and_two_level__1_sm_ehs/SM_eHS/eHS1/eHSDrivers/OpInput_2Lvl_Vc/OpInput|NULL|7|1|1|1|S|DataTypeConversion|0|60:5531:173:366:146|
8=boost_and_two_level__1_sm_ehs/SM_eHS/eHS1/eHSDrivers/OpInput_boost_I/OpInput|NULL|8|1|1|1|S|DataTypeConversion|0|60:5531:173:368:146|
9=boost_and_two_level__1_sm_ehs/SM_eHS/eHS1/eHSDrivers/OpInput_boost_V/OpInput|NULL|9|1|1|1|S|DataTypeConversion|0|60:5531:173:370:146|
nbSignals=51
[ModelDataStructure]
128=zCCacheNeedsReset
22=derivCacheNeedsReset
8=CTOutputIncnstWithState
[dwork]
0=SFunction_PreviousInput|real_T|
1=Memory_PreviousInput|real_T|
2=SFunction_IWORK|IWORK|
3=OpTrigger_IWORK|IWORK|
[TimingStructure]
101=simTimeStep
103=tStart
104=stepSize
105=stepSize0
107=stopRequestedFlag
116=tArray
130=timeOfLastOutput
27=tFinal
3=clockTick0
4=clockTickH0
66=offsetTimesArray
72=perTaskSampleHitsArray
90=sampleHitArray
94=sampleTimesArray
97=sampleTimeTaskIDArray
